e050acc  phoeniks -> phoeniks
edohadejo@EDOHS-MBP chat_bot % git add .                   
edohadejo@EDOHS-MBP chat_bot % git commit -m "all updatedd"
[phoeniks a301794] all updatedd
 1 file changed, 1 insertion(+), 1 deletion(-)
edohadejo@EDOHS-MBP chat_bot % git push origin phoeniks    
Enumerating objects: 5, done.
Counting objects: 100% (5/5), done.
Delta compression using up to 12 threads
Compressing objects: 100% (3/3), done.
Writing objects: 100% (3/3), 317 bytes | 317.00 KiB/s, done.
Total 3 (delta 2), reused 0 (delta 0), pack-reused 0
remote: Resolving deltas: 100% (2/2), completed with 2 local objects.
To https://github.com/lunarwar/chatbotv2.git
   e050acc..a301794  phoeniks -> phoeniks
edohadejo@EDOHS-MBP chat_bot % git add .                   
edohadejo@EDOHS-MBP chat_bot % git commit -m "all updatedd"
[phoeniks db8c932] all updatedd
 1 file changed, 1 insertion(+), 1 deletion(-)
edohadejo@EDOHS-MBP chat_bot % git push origin phoeniks    
Enumerating objects: 5, done.
Counting objects: 100% (5/5), done.
Delta compression using up to 12 threads
Compressing objects: 100% (3/3), done.
Writing objects: 100% (3/3), 320 bytes | 320.00 KiB/s, done.
Total 3 (delta 2), reused 0 (delta 0), pack-reused 0
remote: Resolving deltas: 100% (2/2), completed with 2 local objects.
To https://github.com/lunarwar/chatbotv2.git
   a301794..db8c932  phoeniks -> phoeniks
edohadejo@EDOHS-MBP chat_bot % 
edohadejo@EDOHS-MBP chat_bot % 
edohadejo@EDOHS-MBP chat_bot % flake8 chatbot.py
chatbot.py:3:1: F401 'utils.preprocessing.preprocess_input' imported but unused
chatbot.py:4:1: F401 'utils.training.train_model' imported but unused
chatbot.py:5:1: F401 'numpy as np' imported but unused
chatbot.py:12:10: E251 unexpected spaces around keyword / parameter equals
chatbot.py:45:1: E302 expected 2 blank lines, found 1
chatbot.py:54:1: E302 expected 2 blank lines, found 0
chatbot.py:81:1: E305 expected 2 blank lines after class or function definition, found 1
chatbot.py:83:11: W292 no newline at end of file
edohadejo@EDOHS-MBP chat_bot % flake8 chatbot.py >> static analysis.txt
edohadejo@EDOHS-MBP chat_bot % flake8 chatbot.py/                      
chatbot.py/:0:1: E902 NotADirectoryError: [Errno 20] Not a directory: 'chatbot.py/'
edohadejo@EDOHS-MBP chat_bot % flake8 chatbot.py /
^C... stopped
edohadejo@EDOHS-MBP chat_bot % flake8 /chatbot.py/ 
/chatbot.py/:0:1: E902 FileNotFoundError: [Errno 2] No such file or directory: '/chatbot.py/'
edohadejo@EDOHS-MBP chat_bot % flake8 /chatbot.py 
/chatbot.py:0:1: E902 FileNotFoundError: [Errno 2] No such file or directory: '/chatbot.py'
edohadejo@EDOHS-MBP chat_bot % flake8 chatbot.py 
chatbot.py:3:1: F401 'utils.preprocessing.preprocess_input' imported but unused
chatbot.py:4:1: F401 'utils.training.train_model' imported but unused
chatbot.py:5:1: F401 'numpy as np' imported but unused
chatbot.py:12:10: E251 unexpected spaces around keyword / parameter equals
chatbot.py:45:1: E302 expected 2 blank lines, found 1
chatbot.py:54:1: E302 expected 2 blank lines, found 0
chatbot.py:81:1: E305 expected 2 blank lines after class or function definition, found 1
edohadejo@EDOHS-MBP chat_bot % flake8 chatbot.py;
chatbot.py:3:1: F401 'utils.preprocessing.preprocess_input' imported but unused
chatbot.py:4:1: F401 'utils.training.train_model' imported but unused
chatbot.py:5:1: F401 'numpy as np' imported but unused
chatbot.py:12:10: E251 unexpected spaces around keyword / parameter equals
chatbot.py:45:1: E302 expected 2 blank lines, found 1
chatbot.py:54:1: E302 expected 2 blank lines, found 0
chatbot.py:81:1: E305 expected 2 blank lines after class or function definition, found 1
edohadejo@EDOHS-MBP chat_bot % 
edohadejo@EDOHS-MBP chat_bot % 
edohadejo@EDOHS-MBP chat_bot % git add .                               
edohadejo@EDOHS-MBP chat_bot % git commit -m "all updatedd"            
[phoeniks 0f4471f] all updatedd
jkdfdk